// Jest Snapshot v1, https://goo.gl/fbAQLP

exports[`Deveria renderizar startEditExpense Corretamente 1`] = `
<div>
  <ExpenseForm
    expense={
      Object {
        "amount": 4500,
        "createdAt": 345600000,
        "description": "CartÃ£o de credito",
        "id": "3",
        "note": "",
      }
    }
    onSubmit={[Function]}
  />
  <button
    onClick={[Function]}
  >
    Remover
  </button>
</div>
`;
