// Jest Snapshot v1, https://goo.gl/fbAQLP

exports[`Deveria renderizar o ExpenseListItem corretamente 1`] = `
<div>
  <Link
    to="/editar/1"
  >
    <h3>
      Balas
    </h3>
  </Link>
  <p>
    $1.95
    -
    31st December, 1969
  </p>
</div>
`;
