// Jest Snapshot v1, https://goo.gl/fbAQLP

exports[`Deveria renderizar o ExpenseDashBoardPage corretamente 1`] = `
<div>
  <Connect(ExpenseListFilters) />
  <Connect(ExpenseList) />
</div>
`;
